/home/marius/greenhouse_robot_ws/install/greenhouse_robot/lib/python3.12/site-packages/greenhouse_robot/twist_relay.py
/home/marius/greenhouse_robot_ws/install/greenhouse_robot/lib/python3.12/site-packages/greenhouse_robot/greenhouse_data_visualizer.py
/home/marius/greenhouse_robot_ws/install/greenhouse_robot/lib/python3.12/site-packages/greenhouse_robot/__init__.py
/home/marius/greenhouse_robot_ws/install/greenhouse_robot/lib/python3.12/site-packages/greenhouse_robot/compass_to_imu.py
/home/marius/greenhouse_robot_ws/install/greenhouse_robot/lib/python3.12/site-packages/greenhouse_robot/__pycache__/twist_relay.cpython-312.pyc
/home/marius/greenhouse_robot_ws/install/greenhouse_robot/lib/python3.12/site-packages/greenhouse_robot/__pycache__/greenhouse_data_visualizer.cpython-312.pyc
/home/marius/greenhouse_robot_ws/install/greenhouse_robot/lib/python3.12/site-packages/greenhouse_robot/__pycache__/__init__.cpython-312.pyc
/home/marius/greenhouse_robot_ws/install/greenhouse_robot/lib/python3.12/site-packages/greenhouse_robot/__pycache__/compass_to_imu.cpython-312.pyc
/home/marius/greenhouse_robot_ws/install/greenhouse_robot/share/ament_index/resource_index/packages/greenhouse_robot
/home/marius/greenhouse_robot_ws/install/greenhouse_robot/share/greenhouse_robot/package.xml
/home/marius/greenhouse_robot_ws/install/greenhouse_robot/share/greenhouse_robot/launch/greenhouse_launch.py
/home/marius/greenhouse_robot_ws/install/greenhouse_robot/share/greenhouse_robot/worlds/greenhouse.wbt
/home/marius/greenhouse_robot_ws/install/greenhouse_robot/share/greenhouse_robot/config/ekf.yaml
/home/marius/greenhouse_robot_ws/install/greenhouse_robot/share/greenhouse_robot/config/slam_toolbox.yaml
/home/marius/greenhouse_robot_ws/install/greenhouse_robot/share/greenhouse_robot/config/processed_sensor_data.csv
/home/marius/greenhouse_robot_ws/install/greenhouse_robot/share/greenhouse_robot/config/nav2_params.yaml
/home/marius/greenhouse_robot_ws/install/greenhouse_robot/share/greenhouse_robot/rviz/greenhouse.rviz
/home/marius/greenhouse_robot_ws/install/greenhouse_robot/share/greenhouse_robot/resource/greenhouse_robot
/home/marius/greenhouse_robot_ws/install/greenhouse_robot/share/greenhouse_robot/resource/greenhouse_turtlebot.urdf
/home/marius/greenhouse_robot_ws/install/greenhouse_robot/share/greenhouse_robot/resource/ros2control.yml
/home/marius/greenhouse_robot_ws/install/greenhouse_robot/lib/python3.12/site-packages/greenhouse_robot-0.0.1-py3.12.egg-info/requires.txt
/home/marius/greenhouse_robot_ws/install/greenhouse_robot/lib/python3.12/site-packages/greenhouse_robot-0.0.1-py3.12.egg-info/PKG-INFO
/home/marius/greenhouse_robot_ws/install/greenhouse_robot/lib/python3.12/site-packages/greenhouse_robot-0.0.1-py3.12.egg-info/dependency_links.txt
/home/marius/greenhouse_robot_ws/install/greenhouse_robot/lib/python3.12/site-packages/greenhouse_robot-0.0.1-py3.12.egg-info/top_level.txt
/home/marius/greenhouse_robot_ws/install/greenhouse_robot/lib/python3.12/site-packages/greenhouse_robot-0.0.1-py3.12.egg-info/entry_points.txt
/home/marius/greenhouse_robot_ws/install/greenhouse_robot/lib/python3.12/site-packages/greenhouse_robot-0.0.1-py3.12.egg-info/zip-safe
/home/marius/greenhouse_robot_ws/install/greenhouse_robot/lib/python3.12/site-packages/greenhouse_robot-0.0.1-py3.12.egg-info/SOURCES.txt
/home/marius/greenhouse_robot_ws/install/greenhouse_robot/lib/greenhouse_robot/compass_to_imu
/home/marius/greenhouse_robot_ws/install/greenhouse_robot/lib/greenhouse_robot/greenhouse_data_visualizer
/home/marius/greenhouse_robot_ws/install/greenhouse_robot/lib/greenhouse_robot/twist_relay
